{"dns":{"final":"nameserver-0","servers":[{"domain_resolver":"default-0","path":"/dns-query","server":"dns.google","tag":"nameserver-0","type":"https"},{"server":"223.5.5.5","tag":"default-0","type":"udp"}]},"experimental":{"clash_api":{"external_controller":"127.0.0.1:9091"}},"inbounds":[],"log":{"level":"error"},"outbounds":[{"tag":"direct","type":"direct"}],"route":{"default_domain_resolver":"default-0","final":"direct"}}