{"dns":{"final":"nameserver-0","rules":[{"query_type":["A","AAAA"],"server":"fakeip"}],"servers":[{"server":"8.8.8.8","tag":"nameserver-0","type":"udp"},{"server":"1.1.1.1","tag":"nameserver-1","type":"udp"},{"domain_resolver":"direct-0","server":"dns.google","tag":"fallback-0","type":"tls"},{"server":"223.5.5.5","tag":"direct-0","type":"udp"},{"inet4_range":"198.18.0.1/16","tag":"fakeip","type":"fakeip"}]},"experimental":{"clash_api":{"external_controller":"127.0.0.1:9091"}},"inbounds":[],"log":{"level":"error"},"outbounds":[{"tag":"direct","type":"direct"}],"route":{"default_domain_resolver":"direct-0","final":"direct"}}