{"experimental":{"clash_api":{"external_controller":"127.0.0.1:9091"}},"inbounds":[{"listen":"127.0.0.1","listen_port":7890,"tag":"caly-mixed-in","type":"mixed"}],"log":{"level":"error"},"outbounds":[{"tag":"direct","type":"direct"},{"outbounds":["direct"],"tag":"PROXY","type":"selector"},{"outbounds":["direct"],"tag":"GLOBAL","type":"selector"}],"route":{"final":"PROXY","rules":[{"clash_mode":"Global","outbound":"GLOBAL"},{"clash_mode":"Direct","outbound":"direct"}]}}