{"flow":"xtls-rprx-vision","server":"example.com","server_port":443,"tag":"proxy-43bece41ebec61950ca3a8194be5ba1a","tls":{"enabled":true,"reality":{"public_key":"zT7a-PnmIWP4c-G1EDUT3KZ7URi1kc8EppAWPr3h5lk","short_id":"afeed89ae23b36ed"},"server_name":"example.com","utls":{"enabled":true,"fingerprint":"chrome"}},"transport":{"headers":{"Host":"example.com"},"path":"/stream","type":"ws"},"type":"vless","uuid":"a5ea9247-79f3-4655-aece-3fb51e1e669e"}